Archive member included because of file (symbol)

lib/lib.a(ctype.o)            kernel/kernel.o (_ctype)
lib/lib.a(_exit.o)            init/main.o (_exit)
lib/lib.a(open.o)             init/main.o (open)
lib/lib.a(close.o)            init/main.o (close)
lib/lib.a(errno.o)            init/main.o (errno)
lib/lib.a(write.o)            init/main.o (write)
lib/lib.a(dup.o)              init/main.o (dup)
lib/lib.a(setsid.o)           init/main.o (setsid)
lib/lib.a(execve.o)           init/main.o (execve)
lib/lib.a(wait.o)             init/main.o (wait)

Allocating common symbols
Common symbol       size              file

errno               0x4               lib/lib.a(errno.o)
hash_table          0x4cc             fs/fs.o
user_stack          0x1000            kernel/kernel.o
_ctmp               0x1               lib/lib.a(ctype.o)
super_block         0x340             fs/fs.o
file_table          0x400             fs/fs.o

Discarded input sections

 .note.GNU-stack
                0x0000000000000000        0x0 init/main.o
 .note.GNU-stack
                0x0000000000000000        0x0 kernel/kernel.o
 .note.GNU-stack
                0x0000000000000000        0x0 mm/mm.o
 .note.GNU-stack
                0x0000000000000000        0x0 fs/fs.o
 .note.GNU-stack
                0x0000000000000000        0x0 lib/lib.a(ctype.o)
 .note.GNU-stack
                0x0000000000000000        0x0 lib/lib.a(_exit.o)
 .note.GNU-stack
                0x0000000000000000        0x0 lib/lib.a(open.o)
 .note.GNU-stack
                0x0000000000000000        0x0 lib/lib.a(close.o)
 .note.GNU-stack
                0x0000000000000000        0x0 lib/lib.a(errno.o)
 .note.GNU-stack
                0x0000000000000000        0x0 lib/lib.a(write.o)
 .note.GNU-stack
                0x0000000000000000        0x0 lib/lib.a(dup.o)
 .note.GNU-stack
                0x0000000000000000        0x0 lib/lib.a(setsid.o)
 .note.GNU-stack
                0x0000000000000000        0x0 lib/lib.a(execve.o)
 .note.GNU-stack
                0x0000000000000000        0x0 lib/lib.a(wait.o)

Memory Configuration

Name             Origin             Length             Attributes
*default*        0x0000000000000000 0xffffffffffffffff

Linker script and memory map

Address of section .text set to 0x0
LOAD boot/head.o
LOAD init/main.o
LOAD kernel/kernel.o
LOAD mm/mm.o
LOAD fs/fs.o
LOAD lib/lib.a
                0x0000000008048000                PROVIDE (__executable_start, 0x8048000)
                0x0000000008048094                . = (0x8048000 + SIZEOF_HEADERS)

.interp
 *(.interp)

.note.gnu.build-id
 *(.note.gnu.build-id)

.hash
 *(.hash)

.gnu.hash
 *(.gnu.hash)

.dynsym
 *(.dynsym)

.dynstr
 *(.dynstr)

.gnu.version
 *(.gnu.version)

.gnu.version_d
 *(.gnu.version_d)

.gnu.version_r
 *(.gnu.version_r)

.rel.dyn        0x0000000008048094        0x0
 *(.rel.init)
 *(.rel.text .rel.text.* .rel.gnu.linkonce.t.*)
 .rel.text      0x0000000000000000        0x0 boot/head.o
 *(.rel.fini)
 *(.rel.rodata .rel.rodata.* .rel.gnu.linkonce.r.*)
 *(.rel.data.rel.ro* .rel.gnu.linkonce.d.rel.ro.*)
 *(.rel.data .rel.data.* .rel.gnu.linkonce.d.*)
 .rel.data      0x0000000000000000        0x0 boot/head.o
 *(.rel.tdata .rel.tdata.* .rel.gnu.linkonce.td.*)
 *(.rel.tbss .rel.tbss.* .rel.gnu.linkonce.tb.*)
 *(.rel.ctors)
 *(.rel.dtors)
 *(.rel.got)
 *(.rel.bss .rel.bss.* .rel.gnu.linkonce.b.*)
 *(.rel.ifunc)

.rel.plt        0x0000000008048094        0x0
 *(.rel.plt)
                0x0000000008048094                PROVIDE (__rel_iplt_start, .)
 *(.rel.iplt)
 .rel.iplt      0x0000000000000000        0x0 boot/head.o
                0x0000000008048094                PROVIDE (__rel_iplt_end, .)

.init
 *(.init)

.plt            0x00000000080480a0        0x0
 *(.plt)
 *(.iplt)
 .iplt          0x0000000000000000        0x0 boot/head.o

.text           0x0000000000000000     0xf140
 *(.text.unlikely .text.*_unlikely)
 *(.text.exit .text.exit.*)
 *(.text.startup .text.startup.*)
 *(.text.hot .text.hot.*)
 *(.text .stub .text.* .gnu.linkonce.t.*)
 .text          0x0000000000000000     0x5078 boot/head.o
                0x0000000000000000                startup_32
                0x0000000000000000                pg_dir
                0x0000000000004078                idt
                0x0000000000004878                gdt
 *fill*         0x0000000000005078        0x8 90909090
 .text          0x0000000000005080      0x396 init/main.o
                0x00000000000050c1                init
                0x0000000000005233                main
 *fill*         0x0000000000005416        0xa 90909090
 .text          0x0000000000005420     0x47ae kernel/kernel.o
                0x0000000000005420                sys_alarm
                0x0000000000005449                sys_getpid
                0x0000000000005455                sys_getppid
                0x0000000000005461                sys_getuid
                0x000000000000546e                sys_geteuid
                0x000000000000547b                sys_getgid
                0x0000000000005488                sys_getegid
                0x0000000000005495                sys_nice
                0x00000000000054ae                sys_signal
                0x00000000000054eb                math_state_restore
                0x0000000000005522                schedule
                0x0000000000005600                sys_pause
                0x0000000000005616                sleep_on
                0x0000000000005670                interruptible_sleep_on
                0x00000000000056da                wake_up
                0x00000000000056f6                do_timer
                0x000000000000573d                sched_init
                0x0000000000005864                system_call
                0x0000000000005956                timer_interrupt
                0x000000000000598e                sys_execve
                0x000000000000599c                sys_fork
                0x00000000000059b4                hd_interrupt
                0x0000000000005b60                do_double_fault
                0x0000000000005b79                do_general_protection
                0x0000000000005b92                do_divide_error
                0x0000000000005bab                do_int3
                0x0000000000005c63                do_nmi
                0x0000000000005c7c                do_debug
                0x0000000000005c95                do_overflow
                0x0000000000005cae                do_bounds
                0x0000000000005cc7                do_invalid_op
                0x0000000000005ce0                do_device_not_available
                0x0000000000005cf9                do_coprocessor_segment_overrun
                0x0000000000005d12                do_invalid_TSS
                0x0000000000005d2b                do_segment_not_present
                0x0000000000005d44                do_stack_segment
                0x0000000000005d5d                do_coprocessor_error
                0x0000000000005d76                do_reserved
                0x0000000000005d8f                trap_init
                0x0000000000005f44                divide_error
                0x0000000000005f79                debug
                0x0000000000005f80                nmi
                0x0000000000005f87                int3
                0x0000000000005f8e                overflow
                0x0000000000005f95                bounds
                0x0000000000005f9c                invalid_op
                0x0000000000005fab                device_not_available
                0x0000000000005fd8                coprocessor_segment_overrun
                0x0000000000005fe2                reserved
                0x0000000000005fec                coprocessor_error
                0x0000000000005ff6                double_fault
                0x000000000000602d                invalid_TSS
                0x0000000000006034                segment_not_present
                0x000000000000603b                stack_segment
                0x0000000000006042                general_protection
                0x000000000000604c                verify_area
                0x00000000000060b0                copy_mem
                0x00000000000061a5                copy_process
                0x0000000000006435                find_empty_process
                0x0000000000006498                panic
                0x00000000000064b4                printk
                0x0000000000006728                vsprintf
                0x0000000000006a80                tty_init
                0x0000000000006a91                tty_intr
                0x0000000000006ad6                copy_to_cooked
                0x0000000000006d7f                tty_read
                0x0000000000007081                tty_write
                0x000000000000729d                do_tty_interrupt
                0x00000000000074c6                csi_m
                0x0000000000007521                con_write
                0x0000000000007f30                con_init
                0x0000000000007fbb                keyboard_interrupt
                0x0000000000008790                rs1_interrupt
                0x0000000000008798                rs2_interrupt
                0x0000000000008ee9                rw_hd
                0x0000000000008f91                sys_setup
                0x0000000000009093                unexpected_hd_interrupt
                0x00000000000090a6                hd_init
                0x0000000000009118                sys_ftime
                0x000000000000911e                sys_mknod
                0x0000000000009124                sys_break
                0x000000000000912a                sys_mount
                0x0000000000009130                sys_umount
                0x0000000000009136                sys_ustat
                0x000000000000913c                sys_ptrace
                0x0000000000009142                sys_stty
                0x0000000000009148                sys_gtty
                0x000000000000914e                sys_rename
                0x0000000000009154                sys_prof
                0x000000000000915a                sys_setgid
                0x00000000000091b4                sys_acct
                0x00000000000091ba                sys_phys
                0x00000000000091c0                sys_lock
                0x00000000000091c6                sys_mpx
                0x00000000000091cc                sys_ulimit
                0x00000000000091d2                sys_time
                0x0000000000009225                sys_setuid
                0x000000000000927f                sys_stime
                0x00000000000092cd                sys_times
                0x0000000000009326                sys_brk
                0x0000000000009354                sys_setpgid
                0x00000000000093d0                sys_getpgrp
                0x00000000000093dc                sys_setsid
                0x0000000000009432                sys_oldolduname
                0x000000000000944a                sys_uname
                0x0000000000009497                sys_umask
                0x00000000000094b6                sys_null
                0x00000000000094e0                release
                0x000000000000953a                do_kill
                0x000000000000978d                sys_kill
                0x00000000000097c3                do_exit
                0x000000000000994f                sys_exit
                0x000000000000996a                sys_waitpid
                0x0000000000009ae6                rs_init
                0x0000000000009b3e                rs_write
                0x0000000000009b68                kernel_mktime
 *fill*         0x0000000000009bce        0x2 90909090
 .text          0x0000000000009bd0      0x51f mm/mm.o
                0x0000000000009bd0                invalidate
                0x0000000000009bd9                copy_page
                0x0000000000009bfe                get_free_page
                0x0000000000009c37                free_page
                0x0000000000009c97                free_page_tables
                0x0000000000009d45                copy_page_tables
                0x0000000000009e46                put_page
                0x0000000000009ef3                un_wp_page
                0x0000000000009f83                do_wp_page
                0x0000000000009fb3                write_verify
                0x0000000000009ff2                do_no_page
                0x000000000000a022                calc_mem
                0x000000000000a0b8                page_fault
 *fill*         0x000000000000a0ef        0x1 90909090
 .text          0x000000000000a0f0     0x4eb6 fs/fs.o
                0x000000000000a0f0                sys_utime
                0x000000000000a159                sys_access
                0x000000000000a206                sys_chdir
                0x000000000000a267                sys_chroot
                0x000000000000a2c8                sys_chmod
                0x000000000000a35e                sys_chown
                0x000000000000a3c5                sys_open
                0x000000000000a575                sys_creat
                0x000000000000a598                sys_close
                0x000000000000a620                sys_lseek
                0x000000000000a6d5                sys_read
                0x000000000000a835                sys_write
                0x000000000000ad26                sync_inodes
                0x000000000000ad6d                bmap
                0x000000000000ad86                create_block
                0x000000000000ad9f                iput
                0x000000000000ae8e                get_empty_inode
                0x000000000000af82                get_pipe_inode
                0x000000000000afc9                iget
                0x000000000000b1af                sys_sync
                0x000000000000b217                brelse
                0x000000000000b269                get_hash_table
                0x000000000000b2c8                getblk
                0x000000000000b561                bread
                0x000000000000b5bb                buffer_init
                0x000000000000b654                do_mount
                0x000000000000b853                mount_root
                0x000000000000b9cc                block_write
                0x000000000000ba98                block_read
                0x000000000000bb62                ll_rw_block
                0x000000000000bc3a                rw_char
                0x000000000000bcac                file_read
                0x000000000000be4c                file_write
                0x000000000000c0ea                sys_stat
                0x000000000000c12f                sys_lstat
                0x000000000000c14a                sys_fstat
                0x000000000000c190                sys_stat64
                0x000000000000c1d5                sys_fstat64
                0x000000000000c21b                sys_lstat64
                0x000000000000c236                sys_oldstat
                0x000000000000c24e                sys_oldfstat
                0x000000000000c3a2                cp_block
                0x000000000000c3d9                is_valid_elf
                0x000000000000c41e                read_file_block_ind
                0x000000000000c49f                read_file_block
                0x000000000000c59d                copy_section
                0x000000000000c695                create_bss_section
                0x000000000000c6bc                load_elf_binary
                0x000000000000c8c4                do_execve
                0x000000000000cd60                read_pipe
                0x000000000000cded                write_pipe
                0x000000000000ced3                sys_pipe
                0x000000000000d511                namei
                0x000000000000d5c7                open_namei
                0x000000000000d814                sys_mkdir
                0x000000000000da8e                sys_rmdir
                0x000000000000de04                sys_unlink
                0x000000000000df9e                sys_link
                0x000000000000e140                free_block
                0x000000000000e26b                new_block
                0x000000000000e3bc                free_inode
                0x000000000000e4db                new_inode
                0x000000000000e6b8                sys_dup2
                0x000000000000e6d8                sys_dup
                0x000000000000e6e8                sys_fcntl
                0x000000000000e7ac                sys_fcntl64
                0x000000000000e804                sys_ioctl
                0x000000000000e89d                tty_ioctl
                0x000000000000eb69                truncate
                0x000000000000ec80                sys_getdents
                0x000000000000ee15                sys_getdents64
 *fill*         0x000000000000efa6        0x2 90909090
 .text          0x000000000000efa8        0x0 lib/lib.a(ctype.o)
 .text          0x000000000000efa8        0xe lib/lib.a(_exit.o)
                0x000000000000efa8                _exit
 *fill*         0x000000000000efb6        0x2 90909090
 .text          0x000000000000efb8       0x3d lib/lib.a(open.o)
                0x000000000000efb8                open
 *fill*         0x000000000000eff5        0x3 90909090
 .text          0x000000000000eff8       0x23 lib/lib.a(close.o)
                0x000000000000eff8                close
 *fill*         0x000000000000f01b        0x1 90909090
 .text          0x000000000000f01c        0x0 lib/lib.a(errno.o)
 .text          0x000000000000f01c       0x3d lib/lib.a(write.o)
                0x000000000000f01c                write
 *fill*         0x000000000000f059        0x3 90909090
 .text          0x000000000000f05c       0x23 lib/lib.a(dup.o)
                0x000000000000f05c                dup
 *fill*         0x000000000000f07f        0x1 90909090
 .text          0x000000000000f080       0x1e lib/lib.a(setsid.o)
                0x000000000000f080                setsid
 *fill*         0x000000000000f09e        0x2 90909090
 .text          0x000000000000f0a0       0x3d lib/lib.a(execve.o)
                0x000000000000f0a0                execve
 *fill*         0x000000000000f0dd        0x3 90909090
 .text          0x000000000000f0e0       0x60 lib/lib.a(wait.o)
                0x000000000000f0e0                waitpid
                0x000000000000f11d                wait
 *(.gnu.warning)

.fini
 *(.fini)
                0x000000000000f140                PROVIDE (__etext, .)
                0x000000000000f140                PROVIDE (_etext, .)
                0x000000000000f140                PROVIDE (etext, .)

.rodata         0x000000000000f140     0x1004
 *(.rodata .rodata.* .gnu.linkonce.r.*)
 .rodata.str1.1
                0x000000000000f140       0x68 init/main.o
 .rodata.str1.4
                0x000000000000f1a8       0x25 init/main.o
 *fill*         0x000000000000f1cd       0x13 00
 .rodata        0x000000000000f1e0      0x270 kernel/kernel.o
 .rodata.str1.1
                0x000000000000f450      0x27f kernel/kernel.o
                                        0x285 (size before relaxing)
 *fill*         0x000000000000f6cf        0x1 00
 .rodata.str1.4
                0x000000000000f6d0      0x1fc kernel/kernel.o
 .rodata.str1.4
                0x000000000000f8cc       0xe9 mm/mm.o
 .rodata.str1.1
                0x000000000000f9b5       0x68 mm/mm.o
 *fill*         0x000000000000fa1d        0x3 00
 .rodata        0x000000000000fa20       0xc4 fs/fs.o
 .rodata.str1.1
                0x000000000000fae4      0x32c fs/fs.o
                                        0x332 (size before relaxing)
 .rodata.str1.4
                0x000000000000fe10      0x334 fs/fs.o

.rodata1
 *(.rodata1)

.eh_frame_hdr
 *(.eh_frame_hdr)

.eh_frame       0x0000000000010144     0x1eb4
 *(.eh_frame)
 .eh_frame      0x0000000000010144       0x6c init/main.o
 .eh_frame      0x00000000000101b0      0xcac kernel/kernel.o
                                        0xde4 (size before relaxing)
 .eh_frame      0x0000000000010e5c      0x1a8 mm/mm.o
                                        0x1c0 (size before relaxing)
 .eh_frame      0x0000000000011004      0xef4 fs/fs.o
                                       0x10a4 (size before relaxing)
 .eh_frame      0x0000000000011ef8       0x1c lib/lib.a(_exit.o)
                                         0x34 (size before relaxing)
 .eh_frame      0x0000000000011f14       0x20 lib/lib.a(open.o)
                                         0x38 (size before relaxing)
 .eh_frame      0x0000000000011f34       0x1c lib/lib.a(close.o)
                                         0x34 (size before relaxing)
 .eh_frame      0x0000000000011f50       0x20 lib/lib.a(write.o)
                                         0x38 (size before relaxing)
 .eh_frame      0x0000000000011f70       0x1c lib/lib.a(dup.o)
                                         0x34 (size before relaxing)
 .eh_frame      0x0000000000011f8c       0x14 lib/lib.a(setsid.o)
                                         0x2c (size before relaxing)
 .eh_frame      0x0000000000011fa0       0x20 lib/lib.a(execve.o)
                                         0x38 (size before relaxing)
 .eh_frame      0x0000000000011fc0       0x38 lib/lib.a(wait.o)
                                         0x50 (size before relaxing)

.gcc_except_table
 *(.gcc_except_table .gcc_except_table.*)

.exception_ranges
 *(.exception_ranges .exception_ranges*)
                0x0000000000011ff8                . = (ALIGN (0x1000) - ((0x1000 - .) & 0xfff))
                0x0000000000012000                . = DATA_SEGMENT_ALIGN (0x1000, 0x1000)

.eh_frame
 *(.eh_frame)

.gcc_except_table
 *(.gcc_except_table .gcc_except_table.*)

.exception_ranges
 *(.exception_ranges .exception_ranges*)

.tdata
 *(.tdata .tdata.* .gnu.linkonce.td.*)

.tbss
 *(.tbss .tbss.* .gnu.linkonce.tb.*)
 *(.tcommon)

.preinit_array  0x0000000000012000        0x0
                0x0000000000012000                PROVIDE (__preinit_array_start, .)
 *(.preinit_array)
                0x0000000000012000                PROVIDE (__preinit_array_end, .)

.init_array     0x0000000000012000        0x0
                0x0000000000012000                PROVIDE (__init_array_start, .)
 *(SORT(.init_array.*) SORT(.ctors.*))
 *(.init_array)
 *(EXCLUDE_FILE(*crtend?.o *crtend.o *crtbegin?.o *crtbegin.o) .ctors)
                0x0000000000012000                PROVIDE (__init_array_end, .)

.fini_array     0x0000000000012000        0x0
                0x0000000000012000                PROVIDE (__fini_array_start, .)
 *(SORT(.fini_array.*) SORT(.dtors.*))
 *(.fini_array)
 *(EXCLUDE_FILE(*crtend?.o *crtend.o *crtbegin?.o *crtbegin.o) .dtors)
                0x0000000000012000                PROVIDE (__fini_array_end, .)

.ctors
 *crtbegin.o(.ctors)
 *crtbegin?.o(.ctors)
 *(EXCLUDE_FILE(*crtend?.o *crtend.o) .ctors)
 *(SORT(.ctors.*))
 *(.ctors)

.dtors
 *crtbegin.o(.dtors)
 *crtbegin?.o(.dtors)
 *(EXCLUDE_FILE(*crtend?.o *crtend.o) .dtors)
 *(SORT(.dtors.*))
 *(.dtors)

.jcr
 *(.jcr)

.data.rel.ro
 *(.data.rel.ro.local* .gnu.linkonce.d.rel.ro.local.*)
 *(.data.rel.ro* .gnu.linkonce.d.rel.ro.*)

.dynamic
 *(.dynamic)

.got
 *(.got)
 *(.igot)
                0x0000000000012000                . = DATA_SEGMENT_RELRO_END (., 0xc)

.got.plt        0x0000000000012000        0x0
 *(.got.plt)
 *(.igot.plt)
 .igot.plt      0x0000000000000000        0x0 boot/head.o

.data           0x0000000000012000     0x3e64
 *(.data .data.* .gnu.linkonce.d.*)
 .data          0x0000000000012000        0x0 boot/head.o
 .data          0x0000000000012000       0x18 init/main.o
 *fill*         0x0000000000012018        0x8 00
 .data          0x0000000000012020     0x3d2c kernel/kernel.o
                0x0000000000012020                stack_start
                0x0000000000012040                task
                0x0000000000012140                current
                0x0000000000012160                sys_call_table
                0x0000000000013660                table_list
                0x0000000000013680                tty_table
                0x0000000000015ba0                columns
 .data          0x0000000000015d4c        0x0 mm/mm.o
 .data          0x0000000000015d4c        0x4 fs/fs.o
                0x0000000000015d4c                start_buffer
 *fill*         0x0000000000015d50       0x10 00
 .data          0x0000000000015d60      0x101 lib/lib.a(ctype.o)
                0x0000000000015d60                _ctype
 *fill*         0x0000000000015e61        0x3 00
 .data          0x0000000000015e64        0x0 lib/lib.a(_exit.o)
 .data          0x0000000000015e64        0x0 lib/lib.a(open.o)
 .data          0x0000000000015e64        0x0 lib/lib.a(close.o)
 .data          0x0000000000015e64        0x0 lib/lib.a(errno.o)
 .data          0x0000000000015e64        0x0 lib/lib.a(write.o)
 .data          0x0000000000015e64        0x0 lib/lib.a(dup.o)
 .data          0x0000000000015e64        0x0 lib/lib.a(setsid.o)
 .data          0x0000000000015e64        0x0 lib/lib.a(execve.o)
 .data          0x0000000000015e64        0x0 lib/lib.a(wait.o)

.data1
 *(.data1)
                0x0000000000015e64                _edata = .
                0x0000000000015e64                PROVIDE (edata, .)
                0x0000000000015e64                __bss_start = .

.bss            0x0000000000015e80     0x3d28
 *(.dynbss)
 *(.bss .bss.* .gnu.linkonce.b.*)
 .bss           0x0000000000015e80        0x0 boot/head.o
 .bss           0x0000000000015e80      0x400 init/main.o
 .bss           0x0000000000016280      0x9cc kernel/kernel.o
                0x0000000000016280                last_task_used_math
                0x0000000000016284                startup_time
                0x0000000000016288                jiffies
                0x000000000001628c                last_pid
                0x0000000000016740                do_hd
 *fill*         0x0000000000016c4c       0x14 00
 .bss           0x0000000000016c60      0xc00 mm/mm.o
 .bss           0x0000000000017860      0x710 fs/fs.o
                0x0000000000017860                inode_table
                0x0000000000017f64                nr_buffers
 .bss           0x0000000000017f70        0x0 lib/lib.a(ctype.o)
 .bss           0x0000000000017f70        0x0 lib/lib.a(_exit.o)
 .bss           0x0000000000017f70        0x0 lib/lib.a(open.o)
 .bss           0x0000000000017f70        0x0 lib/lib.a(close.o)
 .bss           0x0000000000017f70        0x0 lib/lib.a(errno.o)
 .bss           0x0000000000017f70        0x0 lib/lib.a(write.o)
 .bss           0x0000000000017f70        0x0 lib/lib.a(dup.o)
 .bss           0x0000000000017f70        0x0 lib/lib.a(setsid.o)
 .bss           0x0000000000017f70        0x0 lib/lib.a(execve.o)
 .bss           0x0000000000017f70        0x0 lib/lib.a(wait.o)
 *(COMMON)
 *fill*         0x0000000000017f70       0x10 00
 COMMON         0x0000000000017f80     0x1000 kernel/kernel.o
                0x0000000000017f80                user_stack
 COMMON         0x0000000000018f80      0xc20 fs/fs.o
                0x0000000000018f80                hash_table
                0x0000000000019460                super_block
                0x00000000000197a0                file_table
 COMMON         0x0000000000019ba0        0x1 lib/lib.a(ctype.o)
                0x0000000000019ba0                _ctmp
 *fill*         0x0000000000019ba1        0x3 00
 COMMON         0x0000000000019ba4        0x4 lib/lib.a(errno.o)
                0x0000000000019ba4                errno
                0x0000000000019ba8                . = ALIGN ((. != 0x0)?0x4:0x1)
                0x0000000000019ba8                . = ALIGN (0x4)
                0x0000000000019ba8                . = ALIGN (0x4)
                0x0000000000019ba8                _end = .
                0x0000000000019ba8                PROVIDE (end, .)
                0x0000000000019ba8                . = DATA_SEGMENT_END (.)

.stab
 *(.stab)

.stabstr
 *(.stabstr)

.stab.excl
 *(.stab.excl)

.stab.exclstr
 *(.stab.exclstr)

.stab.index
 *(.stab.index)

.stab.indexstr
 *(.stab.indexstr)

.comment        0x0000000000000000       0x1c
 *(.comment)
 .comment       0x0000000000000000       0x1c init/main.o
                                         0x1d (size before relaxing)
 .comment       0x0000000000000000      0x179 kernel/kernel.o
 .comment       0x0000000000000000       0x1d mm/mm.o
 .comment       0x0000000000000000      0x227 fs/fs.o
 .comment       0x0000000000000000       0x1d lib/lib.a(ctype.o)
 .comment       0x0000000000000000       0x1d lib/lib.a(_exit.o)
 .comment       0x0000000000000000       0x1d lib/lib.a(open.o)
 .comment       0x0000000000000000       0x1d lib/lib.a(close.o)
 .comment       0x0000000000000000       0x1d lib/lib.a(errno.o)
 .comment       0x0000000000000000       0x1d lib/lib.a(write.o)
 .comment       0x0000000000000000       0x1d lib/lib.a(dup.o)
 .comment       0x0000000000000000       0x1d lib/lib.a(setsid.o)
 .comment       0x0000000000000000       0x1d lib/lib.a(execve.o)
 .comment       0x0000000000000000       0x1d lib/lib.a(wait.o)

.debug
 *(.debug)

.line
 *(.line)

.debug_srcinfo
 *(.debug_srcinfo)

.debug_sfnames
 *(.debug_sfnames)

.debug_aranges
 *(.debug_aranges)

.debug_pubnames
 *(.debug_pubnames)

.debug_info
 *(.debug_info .gnu.linkonce.wi.*)

.debug_abbrev
 *(.debug_abbrev)

.debug_line
 *(.debug_line)

.debug_frame
 *(.debug_frame)

.debug_str
 *(.debug_str)

.debug_loc
 *(.debug_loc)

.debug_macinfo
 *(.debug_macinfo)

.debug_weaknames
 *(.debug_weaknames)

.debug_funcnames
 *(.debug_funcnames)

.debug_typenames
 *(.debug_typenames)

.debug_varnames
 *(.debug_varnames)

.debug_pubtypes
 *(.debug_pubtypes)

.debug_ranges
 *(.debug_ranges)

.gnu.attributes
 *(.gnu.attributes)

/DISCARD/
 *(.note.GNU-stack)
 *(.gnu_debuglink)
 *(.gnu.lto_*)
OUTPUT(tools/system elf32-i386)
